Sources/PenUI/Components/Card.swift
Sources/PenUI/Components/Panel.swift
Sources/PenUI/Components/SlotButton.swift
Sources/PenUI/Pages/DefaultCard.swift
Sources/PenUI/Pages/FilledCard.swift
Sources/PenUI/Pages/FilledPanel.swift
Sources/PenUI/Pages/HeaderPanel.swift
Sources/PenUI/Pages/ProfileCard.swift
Sources/PenUI/Pages/UploadButton.swift
