Sources/PenUI/Components/ActionButton.swift
Sources/PenUI/Components/ActivityLogRow.swift
Sources/PenUI/Components/CollectionRow.swift
Sources/PenUI/Components/FavoriteCard.swift
Sources/PenUI/Components/HomeCollection.swift
Sources/PenUI/Components/PencilListItem.swift
Sources/PenUI/Components/ScreenLab.swift
Sources/PenUI/Components/ScreenRatings.swift
Sources/PenUI/Components/ScreenSettings.swift
Sources/PenUI/Components/ScreenWishlist.swift
Sources/PenUI/Components/SelectRow.swift
Sources/PenUI/Components/StatCard.swift
Sources/PenUI/Components/StatusBar.swift
Sources/PenUI/Components/TabBar.swift
Sources/PenUI/Components/TextInput.swift
Sources/PenUI/Components/ToggleRow.swift
Sources/PenUI/Components/ToggleView.swift
Sources/PenUI/Components/UsageLog.swift
